// Jest Snapshot v1, https://goo.gl/fbAQLP

exports[`Dropdown component should render label correctly 1`] = `
ShallowWrapper {
  Symbol(enzyme.__root__): [Circular],
  Symbol(enzyme.__unrendered__): <Dropdown
    label="models"
    onChange={[MockFunction]}
    options={
      Array [
        Object {
          "label": "Jeep",
          "value": "jeep",
        },
        Object {
          "label": "Tesla",
          "value": "tesla",
        },
      ]
    }
    placeholder="- All Models -"
    selectedOption={
      Object {
        "label": "Jeep",
        "value": "jeep",
      }
    }
  />,
  Symbol(enzyme.__renderer__): Object {
    "batchedUpdates": [Function],
    "checkPropTypes": [Function],
    "getNode": [Function],
    "render": [Function],
    "simulateError": [Function],
    "simulateEvent": [Function],
    "unmount": [Function],
  },
  Symbol(enzyme.__node__): Object {
    "instance": null,
    "key": undefined,
    "nodeType": "host",
    "props": Object {
      "children": Array [
        <label>
          models
          :
        </label>,
        <select
          className="form-control"
          disabled={false}
          onChange={[Function]}
          value={
            Object {
              "label": "Jeep",
              "value": "jeep",
            }
          }
        >
          <option
            defaultValue={true}
          >
            - All Models -
          </option>
          <option
            value="jeep"
          >
            Jeep
          </option>
          <option
            value="tesla"
          >
            Tesla
          </option>
        </select>,
      ],
      "className": "form-group",
    },
    "ref": null,
    "rendered": Array [
      Object {
        "instance": null,
        "key": undefined,
        "nodeType": "host",
        "props": Object {
          "children": Array [
            "models",
            ":",
          ],
        },
        "ref": null,
        "rendered": Array [
          "models",
          ":",
        ],
        "type": "label",
      },
      Object {
        "instance": null,
        "key": undefined,
        "nodeType": "host",
        "props": Object {
          "children": Array [
            <option
              defaultValue={true}
            >
              - All Models -
            </option>,
            Array [
              <option
                value="jeep"
              >
                Jeep
              </option>,
              <option
                value="tesla"
              >
                Tesla
              </option>,
            ],
          ],
          "className": "form-control",
          "disabled": false,
          "id": undefined,
          "onChange": [Function],
          "value": Object {
            "label": "Jeep",
            "value": "jeep",
          },
        },
        "ref": null,
        "rendered": Array [
          Object {
            "instance": null,
            "key": undefined,
            "nodeType": "host",
            "props": Object {
              "children": "- All Models -",
              "defaultValue": true,
            },
            "ref": null,
            "rendered": "- All Models -",
            "type": "option",
          },
          Object {
            "instance": null,
            "key": "jeep",
            "nodeType": "host",
            "props": Object {
              "children": "Jeep",
              "value": "jeep",
            },
            "ref": null,
            "rendered": "Jeep",
            "type": "option",
          },
          Object {
            "instance": null,
            "key": "tesla",
            "nodeType": "host",
            "props": Object {
              "children": "Tesla",
              "value": "tesla",
            },
            "ref": null,
            "rendered": "Tesla",
            "type": "option",
          },
        ],
        "type": "select",
      },
    ],
    "type": "div",
  },
  Symbol(enzyme.__nodes__): Array [
    Object {
      "instance": null,
      "key": undefined,
      "nodeType": "host",
      "props": Object {
        "children": Array [
          <label>
            models
            :
          </label>,
          <select
            className="form-control"
            disabled={false}
            onChange={[Function]}
            value={
              Object {
                "label": "Jeep",
                "value": "jeep",
              }
            }
          >
            <option
              defaultValue={true}
            >
              - All Models -
            </option>
            <option
              value="jeep"
            >
              Jeep
            </option>
            <option
              value="tesla"
            >
              Tesla
            </option>
          </select>,
        ],
        "className": "form-group",
      },
      "ref": null,
      "rendered": Array [
        Object {
          "instance": null,
          "key": undefined,
          "nodeType": "host",
          "props": Object {
            "children": Array [
              "models",
              ":",
            ],
          },
          "ref": null,
          "rendered": Array [
            "models",
            ":",
          ],
          "type": "label",
        },
        Object {
          "instance": null,
          "key": undefined,
          "nodeType": "host",
          "props": Object {
            "children": Array [
              <option
                defaultValue={true}
              >
                - All Models -
              </option>,
              Array [
                <option
                  value="jeep"
                >
                  Jeep
                </option>,
                <option
                  value="tesla"
                >
                  Tesla
                </option>,
              ],
            ],
            "className": "form-control",
            "disabled": false,
            "id": undefined,
            "onChange": [Function],
            "value": Object {
              "label": "Jeep",
              "value": "jeep",
            },
          },
          "ref": null,
          "rendered": Array [
            Object {
              "instance": null,
              "key": undefined,
              "nodeType": "host",
              "props": Object {
                "children": "- All Models -",
                "defaultValue": true,
              },
              "ref": null,
              "rendered": "- All Models -",
              "type": "option",
            },
            Object {
              "instance": null,
              "key": "jeep",
              "nodeType": "host",
              "props": Object {
                "children": "Jeep",
                "value": "jeep",
              },
              "ref": null,
              "rendered": "Jeep",
              "type": "option",
            },
            Object {
              "instance": null,
              "key": "tesla",
              "nodeType": "host",
              "props": Object {
                "children": "Tesla",
                "value": "tesla",
              },
              "ref": null,
              "rendered": "Tesla",
              "type": "option",
            },
          ],
          "type": "select",
        },
      ],
      "type": "div",
    },
  ],
  Symbol(enzyme.__options__): Object {
    "adapter": ReactSixteenAdapter {
      "options": Object {
        "enableComponentDidUpdateOnSetState": true,
        "legacyContextMode": "parent",
        "lifecycles": Object {
          "componentDidUpdate": Object {
            "onSetState": true,
          },
          "getChildContext": Object {
            "calledByRenderer": false,
          },
          "getDerivedStateFromProps": true,
          "getSnapshotBeforeUpdate": true,
          "setState": Object {
            "skipsComponentDidUpdateOnNullish": true,
          },
        },
      },
    },
  },
  Symbol(enzyme.__childContext__): null,
}
`;

exports[`Dropdown component should render the right way 1`] = `
ShallowWrapper {
  Symbol(enzyme.__root__): [Circular],
  Symbol(enzyme.__unrendered__): <Dropdown
    label="models"
    onChange={[MockFunction]}
    options={
      Array [
        Object {
          "label": "Jeep",
          "value": "jeep",
        },
        Object {
          "label": "Tesla",
          "value": "tesla",
        },
      ]
    }
    placeholder="- All Models -"
    selectedOption={
      Object {
        "label": "Jeep",
        "value": "jeep",
      }
    }
  />,
  Symbol(enzyme.__renderer__): Object {
    "batchedUpdates": [Function],
    "checkPropTypes": [Function],
    "getNode": [Function],
    "render": [Function],
    "simulateError": [Function],
    "simulateEvent": [Function],
    "unmount": [Function],
  },
  Symbol(enzyme.__node__): Object {
    "instance": null,
    "key": undefined,
    "nodeType": "host",
    "props": Object {
      "children": Array [
        <label>
          models
          :
        </label>,
        <select
          className="form-control"
          disabled={false}
          onChange={[Function]}
          value={
            Object {
              "label": "Jeep",
              "value": "jeep",
            }
          }
        >
          <option
            defaultValue={true}
          >
            - All Models -
          </option>
          <option
            value="jeep"
          >
            Jeep
          </option>
          <option
            value="tesla"
          >
            Tesla
          </option>
        </select>,
      ],
      "className": "form-group",
    },
    "ref": null,
    "rendered": Array [
      Object {
        "instance": null,
        "key": undefined,
        "nodeType": "host",
        "props": Object {
          "children": Array [
            "models",
            ":",
          ],
        },
        "ref": null,
        "rendered": Array [
          "models",
          ":",
        ],
        "type": "label",
      },
      Object {
        "instance": null,
        "key": undefined,
        "nodeType": "host",
        "props": Object {
          "children": Array [
            <option
              defaultValue={true}
            >
              - All Models -
            </option>,
            Array [
              <option
                value="jeep"
              >
                Jeep
              </option>,
              <option
                value="tesla"
              >
                Tesla
              </option>,
            ],
          ],
          "className": "form-control",
          "disabled": false,
          "id": undefined,
          "onChange": [Function],
          "value": Object {
            "label": "Jeep",
            "value": "jeep",
          },
        },
        "ref": null,
        "rendered": Array [
          Object {
            "instance": null,
            "key": undefined,
            "nodeType": "host",
            "props": Object {
              "children": "- All Models -",
              "defaultValue": true,
            },
            "ref": null,
            "rendered": "- All Models -",
            "type": "option",
          },
          Object {
            "instance": null,
            "key": "jeep",
            "nodeType": "host",
            "props": Object {
              "children": "Jeep",
              "value": "jeep",
            },
            "ref": null,
            "rendered": "Jeep",
            "type": "option",
          },
          Object {
            "instance": null,
            "key": "tesla",
            "nodeType": "host",
            "props": Object {
              "children": "Tesla",
              "value": "tesla",
            },
            "ref": null,
            "rendered": "Tesla",
            "type": "option",
          },
        ],
        "type": "select",
      },
    ],
    "type": "div",
  },
  Symbol(enzyme.__nodes__): Array [
    Object {
      "instance": null,
      "key": undefined,
      "nodeType": "host",
      "props": Object {
        "children": Array [
          <label>
            models
            :
          </label>,
          <select
            className="form-control"
            disabled={false}
            onChange={[Function]}
            value={
              Object {
                "label": "Jeep",
                "value": "jeep",
              }
            }
          >
            <option
              defaultValue={true}
            >
              - All Models -
            </option>
            <option
              value="jeep"
            >
              Jeep
            </option>
            <option
              value="tesla"
            >
              Tesla
            </option>
          </select>,
        ],
        "className": "form-group",
      },
      "ref": null,
      "rendered": Array [
        Object {
          "instance": null,
          "key": undefined,
          "nodeType": "host",
          "props": Object {
            "children": Array [
              "models",
              ":",
            ],
          },
          "ref": null,
          "rendered": Array [
            "models",
            ":",
          ],
          "type": "label",
        },
        Object {
          "instance": null,
          "key": undefined,
          "nodeType": "host",
          "props": Object {
            "children": Array [
              <option
                defaultValue={true}
              >
                - All Models -
              </option>,
              Array [
                <option
                  value="jeep"
                >
                  Jeep
                </option>,
                <option
                  value="tesla"
                >
                  Tesla
                </option>,
              ],
            ],
            "className": "form-control",
            "disabled": false,
            "id": undefined,
            "onChange": [Function],
            "value": Object {
              "label": "Jeep",
              "value": "jeep",
            },
          },
          "ref": null,
          "rendered": Array [
            Object {
              "instance": null,
              "key": undefined,
              "nodeType": "host",
              "props": Object {
                "children": "- All Models -",
                "defaultValue": true,
              },
              "ref": null,
              "rendered": "- All Models -",
              "type": "option",
            },
            Object {
              "instance": null,
              "key": "jeep",
              "nodeType": "host",
              "props": Object {
                "children": "Jeep",
                "value": "jeep",
              },
              "ref": null,
              "rendered": "Jeep",
              "type": "option",
            },
            Object {
              "instance": null,
              "key": "tesla",
              "nodeType": "host",
              "props": Object {
                "children": "Tesla",
                "value": "tesla",
              },
              "ref": null,
              "rendered": "Tesla",
              "type": "option",
            },
          ],
          "type": "select",
        },
      ],
      "type": "div",
    },
  ],
  Symbol(enzyme.__options__): Object {
    "adapter": ReactSixteenAdapter {
      "options": Object {
        "enableComponentDidUpdateOnSetState": true,
        "legacyContextMode": "parent",
        "lifecycles": Object {
          "componentDidUpdate": Object {
            "onSetState": true,
          },
          "getChildContext": Object {
            "calledByRenderer": false,
          },
          "getDerivedStateFromProps": true,
          "getSnapshotBeforeUpdate": true,
          "setState": Object {
            "skipsComponentDidUpdateOnNullish": true,
          },
        },
      },
    },
  },
  Symbol(enzyme.__childContext__): null,
}
`;
